linux; GNU C++ version 4.8.4; Boost_105400; UHD_003.010.001.001-release

# /dev/cpu_dma_latency set to 0us
log init done
num component carrier 1 
WARNING: setting 'gtpu_log_level' not found in configuration file
WARNING: setting 'gtpu_log_verbosity' not found in configuration file
WARNING: setting 'udp_log_level' not found in configuration file
WARNING: setting 'udp_log_verbosity' not found in configuration file
WARNING: setting 'osa_log_level' not found in configuration file
WARNING: setting 'osa_log_verbosity' not found in configuration file

----------------------------------------------------------------------
 ENB CONFIG FILE CONTENT LOADED (TBC):
----------------------------------------------------------------------
ENB CONFIG for instance 0:

	eNB name:           	eNB_Eurecom_LTEBox:
	eNB ID:             	3584:
	Cell type:          	CELL_MACRO_ENB:
	TAC:                	1:
	MCC:                	208:
	MNC:                	93:

	node_function for CC 0:      	eNodeB_3GPP:
	node_timing for CC 0:        	synch_to_ext_device:
	node_synch_ref for CC 0:     	0:
	eutra band for CC 0:         	7:
	downlink freq for CC 0:      	2660000000:
	uplink freq offset for CC 0: 	-120000000:

	Cell ID for CC 0:	0:
	N_RB_DL for CC 0:	25:
	nb_antenna_ports for CC 0:	1:
	nb_antennas_tx for CC 0:	1:
	nb_antennas_rx for CC 0:	1:
	rach_numberOfRA_Preambles for CC 0:	15:
	rach_preamblesGroupAConfig for CC 0:	0:
	rach_powerRampingStep for CC 0:	2:
	rach_preambleInitialReceivedTargetPower for CC 0:	8:
	rach_preambleTransMax for CC 0:	6:
	rach_raResponseWindowSize for CC 0:	7:
	rach_macContentionResolutionTimer for CC 0:	5:
	rach_maxHARQ_Msg3Tx for CC 0:	4:
	bcch_modificationPeriodCoeff for CC 0:	0:
	pcch_defaultPagingCycle for CC 0:	2:
	pcch_nB for CC 0:	2:
	prach_root for CC 0:	0:
	prach_config_index for CC 0:	0:
	prach_high_speed for CC 0:	0:
	prach_zero_correlation for CC 0:	1:
	prach_freq_offset for CC 0:	2:
	pdsch_referenceSignalPower for CC 0:	-24:
	pdsch_p_b for CC 0:	0:
	pusch_n_SB for CC 0:	1:
	pusch_hoppingMode for CC 0:	0:
	pusch_hoppingOffset for CC 0:	0:
	pusch_enable64QAM for CC 0:	0:
	pusch_groupHoppingEnabled for CC 0:	1:
	pusch_groupAssignment for CC 0:	0:
	pusch_sequenceHoppingEnabled for CC 0:	0:
	pusch_nDMRS1 for CC 0:	1:
	pucch_delta_shift for CC 0:	0:
	pucch_nRB_CQI for CC 0:	1:
	pucch_nCS_AN for CC 0:	0:
	srs_enable for CC 0:	0:
	pusch_p0_Nominal for CC 0:	-96:
	pucch_p0_Nominal for CC 0:	-103:
	pusch_alpha for CC 0:	7:
	pucch_deltaF_Format1 for CC 0:	2:
	pucch_deltaF_Format1b for CC 0:	1:
	pucch_deltaF_Format2 for CC 0:	1:
	pucch_deltaF_Format2a for CC 0:	1:
	pucch_deltaF_Format2b for CC 0:	1:
	msg3_delta_Preamble for CC 0:	6:
	ul_CyclicPrefixLength for CC 0:	0:
	ue_TimersAndConstants_t300 for CC 0:	5:
	ue_TimersAndConstants_t301 for CC 0:	5:
	ue_TimersAndConstants_t310 for CC 0:	5:
	ue_TimersAndConstants_n310 for CC 0:	7:
	ue_TimersAndConstants_t311 for CC 0:	3:
	ue_TimersAndConstants_n311 for CC 0:	0:
	ue_TransmissionMode for CC 0:	0:

	Global log level:  	info
	HW log level:      	info
	PHY log level:     	info
	MAC log level:     	info
	RLC log level:     	info
	PDCP log level:    	info
	RRC log level:     	info
	UDP log level:     	info
	GTP log level:     	info
	OSA log level:     	info

--------------------------------------------------------
Downlink frequency/ uplink offset of CC_id 0 set to 2660000000/-120000000
configuring for eNB
CPU Freq is 3.592092 
reported resolution = 1 ns
[PHY][I]Initializing frame parms for N_RB_DL 25, Ncp 0, osf 1
lte_parms.c: Setting N_RB_DL to 25, ofdm_symbol_size 512
[PHY][I][eNB 0] Initializing DL_FRAME_PARMS : N_RB_DL 25, PHICH Resource 1, PHICH Duration 0
pcfich_reg : 0,12,25,37
Ngroup_PHICH 1 (phich_config_common.phich_resource 1,phich_config_common.phich_duration normal, NidCell 0,Ncp 0, frame_type 0), smallest pcfich REG 0, n0 46, n1 75 (first PHICH REG 0)
phich_reg :0 => 1,17,33
[PHY][I]init eNB: Nid_cell 0
[PHY][I]init eNB: frame_type 0,tdd_config 3
[PHY][I]init eNB: number of ue max 16 number of enb max 1 number of harq pid max 8
[PHY][I]init eNB: N_RB_DL 25
[PHY][I]init eNB: prach_config_index 0
CPU Freq is 3.592077 
frame_parms->N_RB_DL=25
frame_parms->N_RB_UL=25
frame_parms->Nid_cell=0
frame_parms->Ncp=0
frame_parms->Ncp_UL=0
frame_parms->nushift=0
frame_parms->frame_type=0
frame_parms->tdd_config=3
frame_parms->tdd_config_S=0
frame_parms->mode1_flag=1
frame_parms->nb_antennas_tx_eNB(nb_antenna_ports)=1
frame_parms->nb_antennas_tx=1
frame_parms->nb_antennas_rx=1
frame_parms->ofdm_symbol_size=512
frame_parms->nb_prefix_samples=36
frame_parms->nb_prefix_samples0=40
frame_parms->first_carrier_offset=362
frame_parms->samples_per_tti=7680
frame_parms->symbols_per_tti=14
HW: Configuring card 0, nb_antennas_tx/rx 1/1
Card 0, channel 0, Setting tx_gain 0.000000, rx_gain 0.000000, tx_freq 2660000000.000000, rx_freq 2540000000.000000
Card 0, channel 1, Setting tx_gain 0.000000, rx_gain 0.000000, tx_freq 0.000000, rx_freq 0.000000
Card 0, channel 2, Setting tx_gain 0.000000, rx_gain 0.000000, tx_freq 0.000000, rx_freq 0.000000
Card 0, channel 3, Setting tx_gain 0.000000, rx_gain 0.000000, tx_freq 0.000000, rx_freq 0.000000
HW: Configuring card 1, nb_antennas_tx/rx 1/1
Card 1, channel 0, Setting tx_gain 0.000000, rx_gain 0.000000, tx_freq 2660000000.000000, rx_freq 2540000000.000000
Card 1, channel 1, Setting tx_gain 0.000000, rx_gain 0.000000, tx_freq 0.000000, rx_freq 0.000000
Card 1, channel 2, Setting tx_gain 0.000000, rx_gain 0.000000, tx_freq 0.000000, rx_freq 0.000000
Card 1, channel 3, Setting tx_gain 0.000000, rx_gain 0.000000, tx_freq 0.000000, rx_freq 0.000000
HW: Configuring card 2, nb_antennas_tx/rx 1/1
Card 2, channel 0, Setting tx_gain 0.000000, rx_gain 0.000000, tx_freq 2660000000.000000, rx_freq 2540000000.000000
Card 2, channel 1, Setting tx_gain 0.000000, rx_gain 0.000000, tx_freq 0.000000, rx_freq 0.000000
Card 2, channel 2, Setting tx_gain 0.000000, rx_gain 0.000000, tx_freq 0.000000, rx_freq 0.000000
Card 2, channel 3, Setting tx_gain 0.000000, rx_gain 0.000000, tx_freq 0.000000, rx_freq 0.000000
HW: Configuring card 3, nb_antennas_tx/rx 1/1
Card 3, channel 0, Setting tx_gain 0.000000, rx_gain 0.000000, tx_freq 2660000000.000000, rx_freq 2540000000.000000
Card 3, channel 1, Setting tx_gain 0.000000, rx_gain 0.000000, tx_freq 0.000000, rx_freq 0.000000
Card 3, channel 2, Setting tx_gain 0.000000, rx_gain 0.000000, tx_freq 0.000000, rx_freq 0.000000
Card 3, channel 3, Setting tx_gain 0.000000, rx_gain 0.000000, tx_freq 0.000000, rx_freq 0.000000
HW: Configuring card 4, nb_antennas_tx/rx 1/1
Card 4, channel 0, Setting tx_gain 0.000000, rx_gain 0.000000, tx_freq 2660000000.000000, rx_freq 2540000000.000000
Card 4, channel 1, Setting tx_gain 0.000000, rx_gain 0.000000, tx_freq 0.000000, rx_freq 0.000000
Card 4, channel 2, Setting tx_gain 0.000000, rx_gain 0.000000, tx_freq 0.000000, rx_freq 0.000000
Card 4, channel 3, Setting tx_gain 0.000000, rx_gain 0.000000, tx_freq 0.000000, rx_freq 0.000000
HW: Configuring card 5, nb_antennas_tx/rx 1/1
Card 5, channel 0, Setting tx_gain 0.000000, rx_gain 0.000000, tx_freq 2660000000.000000, rx_freq 2540000000.000000
Card 5, channel 1, Setting tx_gain 0.000000, rx_gain 0.000000, tx_freq 0.000000, rx_freq 0.000000
Card 5, channel 2, Setting tx_gain 0.000000, rx_gain 0.000000, tx_freq 0.000000, rx_freq 0.000000
Card 5, channel 3, Setting tx_gain 0.000000, rx_gain 0.000000, tx_freq 0.000000, rx_freq 0.000000
HW: Configuring card 6, nb_antennas_tx/rx 1/1
Card 6, channel 0, Setting tx_gain 0.000000, rx_gain 0.000000, tx_freq 2660000000.000000, rx_freq 2540000000.000000
Card 6, channel 1, Setting tx_gain 0.000000, rx_gain 0.000000, tx_freq 0.000000, rx_freq 0.000000
Card 6, channel 2, Setting tx_gain 0.000000, rx_gain 0.000000, tx_freq 0.000000, rx_freq 0.000000
Card 6, channel 3, Setting tx_gain 0.000000, rx_gain 0.000000, tx_freq 0.000000, rx_freq 0.000000
HW: Configuring card 7, nb_antennas_tx/rx 1/1
Card 7, channel 0, Setting tx_gain 0.000000, rx_gain 0.000000, tx_freq 2660000000.000000, rx_freq 2540000000.000000
Card 7, channel 1, Setting tx_gain 0.000000, rx_gain 0.000000, tx_freq 0.000000, rx_freq 0.000000
Card 7, channel 2, Setting tx_gain 0.000000, rx_gain 0.000000, tx_freq 0.000000, rx_freq 0.000000
Card 7, channel 3, Setting tx_gain 0.000000, rx_gain 0.000000, tx_freq 0.000000, rx_freq 0.000000
[HW][I]CPU Affinity of main() function is...  CPU_0  CPU_1  CPU_2  CPU_3  CPU_4  CPU_5  CPU_6  CPU_7 
[PHY][I]Intializing L2
[MAC][I][l2_init] [MAIN] MAC_INIT_GLOBAL_PARAM IN...
[MAC][I][mac_init_global_param] [MAIN] CALLING RLC_MODULE_INIT...
[MAC][I][mac_init_global_param] [MAIN] RLC_MODULE_INIT OK, malloc16 for mac_rlc_xface...
[MAC][I][mac_init_global_param] [MAIN] malloc16 OK, mac_rlc_xface @ 0x388bd120
[MAC][I][mac_init_global_param] [MAIN] RLC interface setup and init
[PDCP][I]PDCP layer has been initialized
[MAC][I][mac_init_global_param] [MAIN] Init Global Param Done
[MAC][I][l2_init] [MAIN] init eNB MAC functions  
[MAC][I][l2_init] [MAIN] init UE MAC functions 
[MAC][I][l2_init] [MAIN] PHY Frame configuration 
[MAC][I][mac_top_init] [MAIN] Init function start:Nb_UE_INST=0
[MAC][I][mac_top_init] [MAIN] Init function start:Nb_eNB_INST=1
[MAC][I][mac_top_init] [MAIN] calling RRC
[RRC][I][eNB] handover active state is 0 
[RRC][I][eNB] eMBMS active state is 0 
[MAC][I][mac_top_init] [MAIN][INIT] Init function finished
[SCTP][I][sctp_eNB_task] Starting SCTP layer
[S1AP][I][s1ap_eNB_task] Starting S1AP layer
[UDP][I]Initializing UDP task interface
[UDP][I]Initializing UDP task interface: DONE
[GTPV1U][I]Initializing GTPU stack 0xee1000
ITTI tasks created
Wait for the ITTI initialize message
[UDP][I]Initializing UDP for local address 192.168.12.16 with port 2152
[UDP][I]Inserting new descriptor for task 11, sd 37
[UDP][I]Initializing UDP for local address 192.168.12.16 with port 2152: DONE
[RRC][I][eNB 0] Received RRC_CONFIGURATION_REQ
[ENB_APP][I][eNB_app_register] [eNB 0] eNB_app_register for instance 0
[S1AP][I][s1ap_eNB_handle_register_eNB] Registered new eNB[0] and macro eNB id 3584
[S1AP][I][s1ap_eNB_register_mme] [eNB 0] check the mme registration state
[SCTP][I][sctp_handle_new_association_req] sctp_bindx SCTP_BINDX_ADD_ADDR socket bound to : 192.168.12.16
[SCTP][I][sctp_handle_new_association_req] Converted ipv4 address 192.168.12.15 to network type
[SCTP][I][sctp_handle_new_association_req] connectx assoc_id  39 in progress..., used 1 addresses
[SCTP][I][sctp_handle_new_association_req] Inserted new descriptor for sd 38 in list, nb elements 1, assoc_id 39
[RRC][I][FRAME 00000][eNB][MOD 00][RNTI 0] Init...
[RRC][I][FRAME 00000][eNB][MOD 00][RNTI 0] Checking release 
[RRC][I][FRAME 00000][eNB][MOD 00][RNTI 0] Rel10 RRC detected, MBMS flag 0
[RRC][I][eNB 0] Configuration SIB2/3, MBMS = 0
[MAC][I][rrc_mac_config_req] [CONFIG][eNB 0/0] Configuring MAC/PHY
[MAC][I][rrc_mac_config_req] [CONFIG]SIB2/3 Contents (partial)
[MAC][I][rrc_mac_config_req] [CONFIG]pusch_config_common.n_SB = 1
[MAC][I][rrc_mac_config_req] [CONFIG]pusch_config_common.hoppingMode = 0
[MAC][I][rrc_mac_config_req] [CONFIG]pusch_config_common.pusch_HoppingOffset = 0
[MAC][I][rrc_mac_config_req] [CONFIG]pusch_config_common.enable64QAM = 0
[MAC][I][rrc_mac_config_req] [CONFIG]pusch_config_common.groupHoppingEnabled = 1
[MAC][I][rrc_mac_config_req] [CONFIG]pusch_config_common.groupAssignmentPUSCH = 0
[MAC][I][rrc_mac_config_req] [CONFIG]pusch_config_common.sequenceHoppingEnabled = 0
[MAC][I][rrc_mac_config_req] [CONFIG]pusch_config_common.cyclicShift  = 1
[RRC][I][FRAME 00000][eNB][MOD 00][RNTI 0] OPENAIR RRC IN....
[SCTP][I][sctp_eNB_flush_sockets] Found data for descriptor 38
[SCTP][I][sctp_eNB_read_from_socket] Received notification for sd 38, type 32769
[SCTP][I][sctp_eNB_read_from_socket] Client association changed: 0
[SCTP][I][sctp_get_peeraddresses] ----------------------
[SCTP][I][sctp_get_peeraddresses] Peer addresses:
[SCTP][I][sctp_get_peeraddresses]     - [192.168.12.15]
[SCTP][I][sctp_get_peeraddresses] ----------------------
[SCTP][I][sctp_get_sockinfo] ----------------------
[SCTP][I][sctp_get_sockinfo] SCTP Status:
[SCTP][I][sctp_get_sockinfo] assoc id .....: 39
[SCTP][I][sctp_get_sockinfo] state ........: 4
[SCTP][I][sctp_get_sockinfo] instrms ......: 2
[SCTP][I][sctp_get_sockinfo] outstrms .....: 2
[SCTP][I][sctp_get_sockinfo] fragmentation : 1452
[SCTP][I][sctp_get_sockinfo] pending data .: 0
[SCTP][I][sctp_get_sockinfo] unack data ...: 0
[SCTP][I][sctp_get_sockinfo] rwnd .........: 106496
[SCTP][I][sctp_get_sockinfo] peer info     :
[SCTP][I][sctp_get_sockinfo]     state ....: 2
[SCTP][I][sctp_get_sockinfo]     cwnd .....: 4380
[SCTP][I][sctp_get_sockinfo]     srtt .....: 0
[SCTP][I][sctp_get_sockinfo]     rto ......: 3000
[SCTP][I][sctp_get_sockinfo]     mtu ......: 1500
[SCTP][I][sctp_get_sockinfo] ----------------------
[SCTP][I][sctp_eNB_read_from_socket] Comm up notified for sd 38, assigned assoc_id 39
[S1AP][I][s1ap_eNB_generate_s1_setup_request] 3584 -> 00e000
[SCTP][I][sctp_send_data] Successfully sent 59 bytes on stream 0 for assoc_id 39
[SCTP][I][sctp_eNB_flush_sockets] Found data for descriptor 38
[SCTP][I][sctp_eNB_read_from_socket] Received notification for sd 38, type 32777
[SCTP][I][sctp_eNB_flush_sockets] Found data for descriptor 38
[SCTP][I][sctp_eNB_read_from_socket] [39][38] Msg of length 27 received from port 36412, on stream 0, PPID 18
[S1AP][I][s1ap_decode_s1ap_s1setupresponseies] Decoding message S1ap_S1SetupResponseIEs (/home/isip/Desktop/shin/rx_threading_with_golden_OAI/openairinterface5g/cmake_targets/lte_build_oai/build/CMakeFiles/R10.5/s1ap_decoder.c:3535)
[S1AP][I][s1ap_eNB_handle_s1_setup_response] servedGUMMEIs.list.count 1
[S1AP][I][s1ap_eNB_handle_s1_setup_response] servedPLMNs.list.count 1
[ENB_APP][I][eNB_app_task] [eNB 0] Received S1AP_REGISTER_ENB_CNF: associated MME 1
[PHY][I]Initializing eNB 0 CC_id 0 : (eNodeB_3GPP,synch_to_ext_device)
Checking for USRPs : UHD 003.010.001.001-release (3.10.1)
Found USRP B200-- Detected Device: B210
-- Operating over USB 3.
-- Initialize CODEC control...
-- Initialize Radio control...
-- Performing register loopback test... pass
-- Performing register loopback test... pass
-- Performing CODEC loopback test... pass
-- Performing CODEC loopback test... pass
-- Setting master clock rate selection to 'automatic'.
-- Asking for clock rate 16.000000 MHz... 
-- Actually got clock rate 16.000000 MHz.
-- Performing timer loopback test... pass
-- Performing timer loopback test... pass
-- Setting master clock rate selection to 'manual'.
-- Asking for clock rate 30.720000 MHz... 
-- Actually got clock rate 30.720000 MHz.
-- Performing timer loopback test... pass
-- Performing timer loopback test... pass
cal 0: freq 3500000000.000000, offset 44.000000, diff 960000000.000000
cal 1: freq 2660000000.000000, offset 49.800000, diff 120000000.000000
cal 2: freq 2300000000.000000, offset 51.000000, diff 240000000.000000
cal 3: freq 1880000000.000000, offset 53.000000, diff 660000000.000000
cal 4: freq 816000000.000000, offset 57.000000, diff 1724000000.000000
RX Gain 0 125.000000 (55.800000) => 69.200000 (max 76.000000)
Actual master clock: 30.720000MHz...
rx_max_num_samps 3836
tx_max_num_samps 3836
Setting tx freq/gain on channel 0/2: BW 20.000000 (readback 20.000000)
Setting rx freq/gain on channel 0/2 : BW 20.000000 (readback 20.000000)
RX Channel 0
Actual RX sample rate: 7.680000MSps...
Actual RX frequency: 2.540000GHz...
Actual RX gain: 69.000000...
Actual RX bandwidth: 20.000000M...
Actual RX antenna: RX2...
TX Channel 0

Actual TX sample rate: 7.680000MSps...
Actual TX frequency: 2.660000GHz...
Actual TX gain: 89.750000...
Actual TX bandwidth: 20.000000M...
Actual TX antenna: TX/RX...
Device timestamp: 0.000361...
[RRH] has loaded USRP B200 device.
setup_eNB_buffers: frame_parms = 0x7fd589f9e698
rxdata[0] @ 0x3893a580 (0x3893a580) (N_TA_OFFSET 0)
txdata[0] @ 0x389855e0
[PHY][I]Initializing eNB 0 CC_id 0 (eNodeB_3GPP,synch_to_ext_device),
[CREATE] TX master thread 
[CREATE] mac2phy thread 
[CREATE] control_channel thread 
[CREATE] ofdm thread 
[CREATE] share_channel thread 0 
[CREATE] share_channel thread 1 
[CREATE] share_channel thread 2 
[CREATE] share_channel thread 3 
[CREATE] RX master thread 
[CREATE] pucch thread
[CREATE] pusch thread
[CREATE] viterbi thread
[CREATE] turbo_proc thread 0 
[CREATE] turbo_proc thread 1 
[CREATE] turbo_proc thread 2 
[CREATE] turbo_proc thread 3 
[HW][I][SCHED][eNB] eNB_thread_single started on CPU 2 TID 18266, sched_policy = SCHED_FIFO , priority = 99, CPU Affinity= CPU_0 CPU_1 CPU_2 CPU_3 CPU_4 CPU_5 CPU_6 CPU_7 
Creating te_thread
Wait trigger ulsch_decoding_data_2thread0











[HW][I][SCHED][eNB] eNB_thread_prach started on CPU 3 TID 18270, sched_policy = SCHED_FIFO , priority = 99, CPU Affinity= CPU_0 CPU_1 CPU_2 CPU_3 CPU_4 CPU_5 CPU_6 CPU_7 
Setting eNB buffer to all-RX
waiting for sync (eNB_thread_single)
Sending sync to all threads
TYPE <CTRL-C> TO TERMINATE
Entering ITTI signals handler
got sync (eNB_thread_single)
[PHY][I][eNB 0][RAPROC] Frame 287 Terminating ra_proc for harq 4, UE 0
[MAC][I][rx_sdu] [eNB 0][RAPROC] CC_id 0 Frame 287, Received CCCH:  5d.25.10.12.87.b6, Terminating RA procedure for UE rnti 515d
[MAC][I][rx_sdu] [eNB 0][RAPROC] CC_id 0 Frame 287 CCCH: Received Msg3: length 6, offset 5
[MAC][I][rx_sdu] [eNB 0][RAPROC] CC_id 0 Frame 287 Added user with rnti 515d => UE 0
[RRC][I][FRAME 00000][eNB][MOD 00][RNTI 515d] Received RRC_MAC_CCCH_DATA_IND
[MAC][I][schedule_ulsch_rnti] [eNB 0] frame 288 subfarme 0, UE 0: not configured, skipping UE scheduling 
[RRC][I][FRAME 00000][eNB][MOD 00][RNTI 515d] Accept new connection from UE random UE identity (0x7b280151d2000000) MME code 0 TMSI 0 cause 3
[MAC][I][rrc_mac_config_req] [CONFIG][eNB 0/0] Configuring MAC/PHY for UE 0 (515d)
[PHY][I]phy_config_dedicated_eNB: physicalConfigDedicated=0x7fd5500017c0
[PHY][I]Transmission Mode (phy_config_dedicated_eNB) 1
[RRC][I][FRAME 00000][eNB][MOD 00][RNTI 515d] [RAPROC] Logical Channel DL-CCCH, Generating RRCConnectionSetup (bytes 25)
[RRC][I][FRAME 00000][eNB][MOD 00][RNTI 515d]CALLING RLC CONFIG SRB1 (rbid 1)
[34m[PDCP][N][FRAME 00000][eNB][MOD 00][RNTI 515d][SRB 01]  Action ADD  LCID 1 (SRB id 1) configured with SN size 5 bits and RLC AM
[0m[RLC][I][FRAME 00000][eNB][MOD 00][RNTI 515d] [SRB 1] rrc_rlc_add_rlc  SRB
[RLC][I][FRAME 00000][eNB][MOD 00][RNTI 515d][SRB AM 01][CONFIGURE] max_retx_threshold 4 poll_pdu 4 poll_byte 10000 t_poll_retransmit 80 t_reordering 35 t_status_prohibit 0
[MAC][I][schedule_ulsch_rnti] [eNB 0] frame 288 subfarme 1, UE 0: not configured, skipping UE scheduling 
[PHY][I][eNB 0] Frame 1342183360: Sent physicalConfigDedicated=(nil) for UE 1922785024
[MAC][I][schedule_ulsch_rnti] [eNB 0] frame 288 subfarme 2, UE 0: not configured, skipping UE scheduling 
[MAC][I][schedule_ulsch_rnti] [eNB 0] frame 288 subfarme 3, UE 0: not configured, skipping UE scheduling 
[MAC][I][schedule_ulsch_rnti] [eNB 0] frame 288 subfarme 4, UE 0: not configured, skipping UE scheduling 
[MAC][I][schedule_RA] [eNB 0][RAPROC] CC_id 0 Frame 288, subframeP 5: Generating Msg4 with RRC Piggyback (RA proc 0, RNTI 515d)
[MAC][I][schedule_RA] [eNB 0][RAPROC] CC_id 0 Frame 288 subframeP 5 Msg4 : TBS 41, sdu_len 25, msg4_header 8, msg4_padding 0, msg4_post_padding 7
[MAC][I][schedule_ulsch_rnti] [eNB 0] frame 288 subfarme 5, UE 0: not configured, skipping UE scheduling 
[MAC][I][schedule_ulsch_rnti] [eNB 0] frame 288 subfarme 6, UE 0: not configured, skipping UE scheduling 
[MAC][I][schedule_ulsch_rnti] [eNB 0] frame 288 subfarme 7, UE 0: not configured, skipping UE scheduling 
[MAC][I][schedule_ulsch_rnti] [eNB 0] frame 288 subfarme 8, UE 0: not configured, skipping UE scheduling 
[MAC][I][schedule_ulsch_rnti] [eNB 0] frame 288 subfarme 9, UE 0: not configured, skipping UE scheduling 
[MAC][I][schedule_RA] [eNB 0][RAPROC] CC_id 0 Frame 289, subframeP 0: Checking if Msg4 was acknowledged: 
[MAC][I][schedule_RA] [eNB 0][RAPROC] CC_id 0 Frame 289, subframeP 0 : Msg4 acknowledged
[MAC][I][schedule_ulsch_rnti] [eNB 0][PUSCH 6/515d] CC_id 0 Frame 289 subframeP 0 Scheduled UE 0 (mcs 10, first rb 7, nb_rb 6, rb_table_index 5, TBS 129, harq_pid 6)
[MAC][I][SR_indication] [eNB 0][SR 515d] Frame 288 subframeP 9 Signaling SR for UE 0 on CC_id 0
[MAC][I][schedule_ulsch_rnti] [eNB 0][PUSCH 1/515d] CC_id 0 Frame 289 subframeP 3 Scheduled UE 0 (mcs 10, first rb 7, nb_rb 6, rb_table_index 5, TBS 129, harq_pid 1)
[MAC][I][rx_sdu] [eNB 0] CC_id 0 MAC CE_LCID 29 : ul_total_buffer = 0 (lcg increment 0)
[34m[RRC][N][eNB 0] Frame 289: received a DCCH 1 message on SRB 1 with Size 90 from UE 515d
[0m[RRC][I][FRAME 00000][eNB][MOD 00][RNTI 515d] Received on DCCH 1 RRC_DCCH_DATA_IND
[RRC][I][FRAME 00000][eNB][MOD 00][RNTI 515d] [RAPROC] Logical Channel UL-DCCH, processing RRCConnectionSetupComplete from UE (SRB1 Active)
[S1AP][I][rrc_eNB_send_S1AP_NAS_FIRST_REQ] [eNB 0] Build S1AP_NAS_FIRST_REQ adding in s_TMSI: GUMMEI mme_code 1 mme_group_id 4 ue 515d
[S1AP][I][s1ap_eNB_handle_nas_first_req] Found usable eNB_ue_s1ap_id: 0x06692d 420141(10)
[S1AP][I][s1ap_eNB_handle_nas_first_req] GUMMEI_ID_PRESENT
[RRC][I][FRAME 00000][eNB][MOD 00][RNTI 515d] UE State = RRC_CONNECTED 
[SCTP][I][sctp_send_data] Successfully sent 143 bytes on stream 1 for assoc_id 39
[SCTP][I][sctp_eNB_flush_sockets] Found data for descriptor 38
[SCTP][I][sctp_eNB_read_from_socket] Received notification for sd 38, type 32777
[SCTP][I][sctp_eNB_flush_sockets] Found data for descriptor 38
[SCTP][I][sctp_eNB_read_from_socket] [39][38] Msg of length 29 received from port 36412, on stream 1, PPID 18
[S1AP][I][s1ap_decode_s1ap_downlinknastransporties] Decoding message S1ap_DownlinkNASTransportIEs (/home/isip/Desktop/shin/rx_threading_with_golden_OAI/openairinterface5g/cmake_targets/lte_build_oai/build/CMakeFiles/R10.5/s1ap_decoder.c:3150)
[RRC][I][eNB 0] Received S1AP_DOWNLINK_NAS: ue_initial_id 1, eNB_ue_s1ap_id 420141
[PDCP][I][FRAME 00000][eNB][MOD 00][RNTI 515d]Received RRC_DCCH_DATA_REQ from TASK_RRC_ENB: instance 0, rb_id 1, muiP 0, confirmP 0, mode 1
[RLC][I][FRAME 00000][eNB][MOD 00][RNTI 515d][SRB AM 01] RLC_AM_DATA_REQ size 11 Bytes,  NB SDU 1 current_sdu_index=0 next_sdu_index=1 conf 0 mui 0
[34m[RRC][N][eNB 0] Frame 291: received a DCCH 1 message on SRB 1 with Size 20 from UE 515d
[0m[RRC][I][FRAME 00000][eNB][MOD 00][RNTI 515d] Received on DCCH 1 RRC_DCCH_DATA_IND
[SCTP][I][sctp_send_data] Successfully sent 65 bytes on stream 1 for assoc_id 39
[SCTP][I][sctp_eNB_flush_sockets] Found data for descriptor 38
[SCTP][I][sctp_eNB_read_from_socket] Received notification for sd 38, type 32777
[SCTP][I][sctp_eNB_flush_sockets] Found data for descriptor 38
[SCTP][I][sctp_eNB_read_from_socket] [39][38] Msg of length 62 received from port 36412, on stream 1, PPID 18
[S1AP][I][s1ap_decode_s1ap_downlinknastransporties] Decoding message S1ap_DownlinkNASTransportIEs (/home/isip/Desktop/shin/rx_threading_with_golden_OAI/openairinterface5g/cmake_targets/lte_build_oai/build/CMakeFiles/R10.5/s1ap_decoder.c:3150)
[RRC][I][eNB 0] Received S1AP_DOWNLINK_NAS: ue_initial_id 1, eNB_ue_s1ap_id 420141
[PDCP][I][FRAME 00000][eNB][MOD 00][RNTI 515d]Received RRC_DCCH_DATA_REQ from TASK_RRC_ENB: instance 0, rb_id 1, muiP 0, confirmP 0, mode 1
[RLC][I][FRAME 00000][eNB][MOD 00][RNTI 515d][SRB AM 01] RLC_AM_DATA_REQ size 44 Bytes,  NB SDU 1 current_sdu_index=1 next_sdu_index=2 conf 0 mui 0
[34m[RRC][N][eNB 0] Frame 307: received a DCCH 1 message on SRB 1 with Size 20 from UE 515d
[0m[RRC][I][FRAME 00000][eNB][MOD 00][RNTI 515d] Received on DCCH 1 RRC_DCCH_DATA_IND
[SCTP][I][sctp_send_data] Successfully sent 65 bytes on stream 1 for assoc_id 39
[SCTP][I][sctp_eNB_flush_sockets] Found data for descriptor 38
[SCTP][I][sctp_eNB_read_from_socket] Received notification for sd 38, type 32777
[SCTP][I][sctp_eNB_flush_sockets] Found data for descriptor 38
[SCTP][I][sctp_eNB_read_from_socket] [39][38] Msg of length 42 received from port 36412, on stream 1, PPID 18
[S1AP][I][s1ap_decode_s1ap_downlinknastransporties] Decoding message S1ap_DownlinkNASTransportIEs (/home/isip/Desktop/shin/rx_threading_with_golden_OAI/openairinterface5g/cmake_targets/lte_build_oai/build/CMakeFiles/R10.5/s1ap_decoder.c:3150)
[RRC][I][eNB 0] Received S1AP_DOWNLINK_NAS: ue_initial_id 1, eNB_ue_s1ap_id 420141
[PDCP][I][FRAME 00000][eNB][MOD 00][RNTI 515d]Received RRC_DCCH_DATA_REQ from TASK_RRC_ENB: instance 0, rb_id 1, muiP 0, confirmP 0, mode 1
[RLC][I][FRAME 00000][eNB][MOD 00][RNTI 515d][SRB AM 01] RLC_AM_DATA_REQ size 24 Bytes,  NB SDU 1 current_sdu_index=2 next_sdu_index=3 conf 0 mui 0
[34m[RRC][N][eNB 0] Frame 308: received a DCCH 1 message on SRB 1 with Size 11 from UE 515d
[0m[RRC][I][FRAME 00000][eNB][MOD 00][RNTI 515d] Received on DCCH 1 RRC_DCCH_DATA_IND
[SCTP][I][sctp_send_data] Successfully sent 56 bytes on stream 1 for assoc_id 39
[SCTP][I][sctp_eNB_flush_sockets] Found data for descriptor 38
[SCTP][I][sctp_eNB_read_from_socket] Received notification for sd 38, type 32777
[SCTP][I][sctp_eNB_flush_sockets] Found data for descriptor 38
[SCTP][I][sctp_eNB_read_from_socket] [39][38] Msg of length 193 received from port 36412, on stream 1, PPID 18
[S1AP][I][s1ap_decode_s1ap_initialcontextsetuprequesties] Decoding message S1ap_InitialContextSetupRequestIEs (/home/isip/Desktop/shin/rx_threading_with_golden_OAI/openairinterface5g/cmake_targets/lte_build_oai/build/CMakeFiles/R10.5/s1ap_decoder.c:1003)
[S1AP][I][s1ap_eNB_handle_initial_context_request] Received NAS message with the E_RAB setup procedure
[RRC][I][eNB 0] Received S1AP_INITIAL_CONTEXT_SETUP_REQ: ue_initial_id 1, eNB_ue_s1ap_id 420141, nb_of_e_rabs 1
[RRC][I][FRAME 00000][eNB][MOD 00][RNTI 515d] rrc_eNB_process_GTPV1U_CREATE_TUNNEL_RESP tunnel (3396329693, 3396329693) bearer UE context index 0, msg index 0, id 5, gtp addr len 4 
[RRC][I][eNB 0][UE 515d] Selected security algorithms (60007e30): 0, 2, changed
[RRC][I][eNB 0][UE 515d] Saved security key 3DF966FEC515F0B78779327F0B603A1EE89AFEF163D76D721E5D9E807D593C1C

KeNB:3df966fec515f0b78779327f0b603a1ee89afef163d76d721e5d9e807d593c1c

KRRCenc:f51708e824ff0b0010c2ca34673d368d99bfe16c853a4b3e8744a9ef18c92244

KRRCint:cd0568d83a8c11758ecc394812fdfc58a7401267a9c6fa07ee444adfd8570eff
[RRC][I][FRAME 00000][eNB][MOD 00][RNTI 515d] Logical Channel DL-DCCH, Generate SecurityModeCommand (bytes 3)
[PDCP][I][FRAME 00000][eNB][MOD 00][RNTI 515d]Received RRC_DCCH_DATA_REQ from TASK_RRC_ENB: instance 0, rb_id 1, muiP 0, confirmP 0, mode 1
[RLC][I][FRAME 00000][eNB][MOD 00][RNTI 515d][SRB AM 01] RLC_AM_DATA_REQ size 8 Bytes,  NB SDU 1 current_sdu_index=3 next_sdu_index=4 conf 0 mui 0
[34m[RRC][N][eNB 0] Frame 310: received a DCCH 1 message on SRB 1 with Size 2 from UE 515d
[0m[RRC][I][FRAME 00000][eNB][MOD 00][RNTI 515d] Received on DCCH 1 RRC_DCCH_DATA_IND
[RRC][I][FRAME 00000][eNB][MOD 00][RNTI 515d] received securityModeComplete on UL-DCCH 1 from UE
<UL-DCCH-Message>
    <message>
        <c1>
            <securityModeComplete>
                <rrc-TransactionIdentifier>2</rrc-TransactionIdentifier>
                <criticalExtensions>
                    <securityModeComplete-r8>
                    </securityModeComplete-r8>
                </criticalExtensions>
            </securityModeComplete>
        </c1>
    </message>
</UL-DCCH-Message>
[RRC][I][FRAME 00000][eNB][MOD 00][RNTI 515d] Logical Channel DL-DCCH, Generate UECapabilityEnquiry (bytes 3)
[PDCP][I][FRAME 00000][eNB][MOD 00][RNTI 515d]Received RRC_DCCH_DATA_REQ from TASK_RRC_ENB: instance 0, rb_id 1, muiP 1, confirmP 0, mode 1
[RLC][I][FRAME 00000][eNB][MOD 00][RNTI 515d][SRB AM 01] RLC_AM_DATA_REQ size 8 Bytes,  NB SDU 1 current_sdu_index=4 next_sdu_index=5 conf 0 mui 1
[34m[RRC][N][eNB 0] Frame 311: received a DCCH 1 message on SRB 1 with Size 62 from UE 515d
[0m[RRC][I][FRAME 00000][eNB][MOD 00][RNTI 515d] Received on DCCH 1 RRC_DCCH_DATA_IND
[RRC][I][FRAME 00000][eNB][MOD 00][RNTI 515d] received ueCapabilityInformation on UL-DCCH 1 from UE
<UL-DCCH-Message>
    <message>
        <c1>
            <ueCapabilityInformation>
                <rrc-TransactionIdentifier>0</rrc-TransactionIdentifier>
                <criticalExtensions>
                    <c1>
                        <ueCapabilityInformation-r8>
                            <ue-CapabilityRAT-ContainerList>
                                <UE-CapabilityRAT-Container>
                                    <rat-Type><eutra/></rat-Type>
                                    <ueCapabilityRAT-Container>
                                        C5 A0 00 07 00 10 40 E4 83 27 B6 1E 3F F9 3F FC 
                                        7F F2 7F F8 FF E4 FF F1 FF C9 FF E3 FF 93 FF C7 
                                        FF 27 FF 8F FE 4F FF 1F FC 9F FD FD 3C 7A 12 20 
                                        80 21 4F 04 21 4C 74 A9 1B FC
                                    </ueCapabilityRAT-Container>
                                </UE-CapabilityRAT-Container>
                            </ue-CapabilityRAT-ContainerList>
                        </ueCapabilityInformation-r8>
                    </c1>
                </criticalExtensions>
            </ueCapabilityInformation>
        </c1>
    </message>
</UL-DCCH-Message>
<UE-EUTRA-Capability>
    <accessStratumRelease><rel9/></accessStratumRelease>
    <ue-Category>4</ue-Category>
    <pdcp-Parameters>
        <supportedROHC-Profiles>
            <profile0x0001><false/></profile0x0001>
            <profile0x0002><false/></profile0x0002>
            <profile0x0003><false/></profile0x0003>
            <profile0x0004><false/></profile0x0004>
            <profile0x0006><false/></profile0x0006>
            <profile0x0101><false/></profile0x0101>
            <profile0x0102><false/></profile0x0102>
            <profile0x0103><false/></profile0x0103>
            <profile0x0104><false/></profile0x0104>
        </supportedROHC-Profiles>
        <maxNumberROHC-ContextSessions><cs2/></maxNumberROHC-ContextSessions>
    </pdcp-Parameters>
    <phyLayerParameters>
        <ue-TxAntennaSelectionSupported><false/></ue-TxAntennaSelectionSupported>
        <ue-SpecificRefSigsSupported><false/></ue-SpecificRefSigsSupported>
    </phyLayerParameters>
    <rf-Parameters>
        <supportedBandListEUTRA>
            <SupportedBandEUTRA>
                <bandEUTRA>1</bandEUTRA>
                <halfDuplex><false/></halfDuplex>
            </SupportedBandEUTRA>
            <SupportedBandEUTRA>
                <bandEUTRA>3</bandEUTRA>
                <halfDuplex><false/></halfDuplex>
            </SupportedBandEUTRA>
            <SupportedBandEUTRA>
                <bandEUTRA>5</bandEUTRA>
                <halfDuplex><false/></halfDuplex>
            </SupportedBandEUTRA>
            <SupportedBandEUTRA>
                <bandEUTRA>8</bandEUTRA>
                <halfDuplex><false/></halfDuplex>
            </SupportedBandEUTRA>
            <SupportedBandEUTRA>
                <bandEUTRA>19</bandEUTRA>
                <halfDuplex><false/></halfDuplex>
            </SupportedBandEUTRA>
            <SupportedBandEUTRA>
                <bandEUTRA>7</bandEUTRA>
                <halfDuplex><false/></halfDuplex>
            </SupportedBandEUTRA>
            <SupportedBandEUTRA>
                <bandEUTRA>40</bandEUTRA>
                <halfDuplex><true/></halfDuplex>
            </SupportedBandEUTRA>
            <SupportedBandEUTRA>
                <bandEUTRA>28</bandEUTRA>
                <halfDuplex><false/></halfDuplex>
            </SupportedBandEUTRA>
        </supportedBandListEUTRA>
    </rf-Parameters>
    <measParameters>
        <bandListEUTRA>
            <BandInfoEUTRA>
                <interFreqBandList>
                    <InterFreqBandInfo>
                        <interFreqNeedForGaps><true/></interFreqNeedForGaps>
                    </InterFreqBandInfo>
                    <InterFreqBandInfo>
                        <interFreqNeedForGaps><true/></interFreqNeedForGaps>
                    </InterFreqBandInfo>
                    <InterFreqBandInfo>
                        <interFreqNeedForGaps><true/></interFreqNeedForGaps>
                    </InterFreqBandInfo>
                    <InterFreqBandInfo>
                        <interFreqNeedForGaps><true/></interFreqNeedForGaps>
                    </InterFreqBandInfo>
                    <InterFreqBandInfo>
                        <interFreqNeedForGaps><true/></interFreqNeedForGaps>
                    </InterFreqBandInfo>
                    <InterFreqBandInfo>
                        <interFreqNeedForGaps><true/></interFreqNeedForGaps>
                    </InterFreqBandInfo>
                    <InterFreqBandInfo>
                        <interFreqNeedForGaps><true/></interFreqNeedForGaps>
                    </InterFreqBandInfo>
                    <InterFreqBandInfo>
                        <interFreqNeedForGaps><true/></interFreqNeedForGaps>
                    </InterFreqBandInfo>
                </interFreqBandList>
                <interRAT-BandList>
                    <InterRAT-BandInfo>
                        <interRAT-NeedForGaps><true/></interRAT-NeedForGaps>
                    </InterRAT-BandInfo>
                    <InterRAT-BandInfo>
                        <interRAT-NeedForGaps><true/></interRAT-NeedForGaps>
                    </InterRAT-BandInfo>
                    <InterRAT-BandInfo>
                        <interRAT-NeedForGaps><true/></interRAT-NeedForGaps>
                    </InterRAT-BandInfo>
                    <InterRAT-BandInfo>
                        <interRAT-NeedForGaps><true/></interRAT-NeedForGaps>
                    </InterRAT-BandInfo>
                    <InterRAT-BandInfo>
                        <interRAT-NeedForGaps><true/></interRAT-NeedForGaps>
                    </InterRAT-BandInfo>
                    <InterRAT-BandInfo>
                        <interRAT-NeedForGaps><true/></interRAT-NeedForGaps>
                    </InterRAT-BandInfo>
                    <InterRAT-BandInfo>
                        <interRAT-NeedForGaps><true/></interRAT-NeedForGaps>
                    </InterRAT-BandInfo>
                    <InterRAT-BandInfo>
                        <interRAT-NeedForGaps><true/></interRAT-NeedForGaps>
                    </InterRAT-BandInfo>
                    <InterRAT-BandInfo>
                        <interRAT-NeedForGaps><true/></interRAT-NeedForGaps>
                    </InterRAT-BandInfo>
                    <InterRAT-BandInfo>
                        <interRAT-NeedForGaps><true/></interRAT-NeedForGaps>
                    </InterRAT-BandInfo>
                </interRAT-BandList>
            </BandInfoEUTRA>
            <BandInfoEUTRA>
                <interFreqBandList>
                    <InterFreqBandInfo>
                        <interFreqNeedForGaps><true/></interFreqNeedForGaps>
                    </InterFreqBandInfo>
                    <InterFreqBandInfo>
                        <interFreqNeedForGaps><true/></interFreqNeedForGaps>
                    </InterFreqBandInfo>
                    <InterFreqBandInfo>
                        <interFreqNeedForGaps><true/></interFreqNeedForGaps>
                    </InterFreqBandInfo>
                    <InterFreqBandInfo>
                        <interFreqNeedForGaps><true/></interFreqNeedForGaps>
                    </InterFreqBandInfo>
                    <InterFreqBandInfo>
                        <interFreqNeedForGaps><true/></interFreqNeedForGaps>
                    </InterFreqBandInfo>
                    <InterFreqBandInfo>
                        <interFreqNeedForGaps><true/></interFreqNeedForGaps>
                    </InterFreqBandInfo>
                    <InterFreqBandInfo>
                        <interFreqNeedForGaps><true/></interFreqNeedForGaps>
                    </InterFreqBandInfo>
                    <InterFreqBandInfo>
                        <interFreqNeedForGaps><true/></interFreqNeedForGaps>
                    </InterFreqBandInfo>
                </interFreqBandList>
                <interRAT-BandList>
                    <InterRAT-BandInfo>
                        <interRAT-NeedForGaps><true/></interRAT-NeedForGaps>
                    </InterRAT-BandInfo>
                    <InterRAT-BandInfo>
                        <interRAT-NeedForGaps><true/></interRAT-NeedForGaps>
                    </InterRAT-BandInfo>
                    <InterRAT-BandInfo>
                        <interRAT-NeedForGaps><true/></interRAT-NeedForGaps>
                    </InterRAT-BandInfo>
                    <InterRAT-BandInfo>
                        <interRAT-NeedForGaps><true/></interRAT-NeedForGaps>
                    </InterRAT-BandInfo>
                    <InterRAT-BandInfo>
                        <interRAT-NeedForGaps><true/></interRAT-NeedForGaps>
                    </InterRAT-BandInfo>
                    <InterRAT-BandInfo>
                        <interRAT-NeedForGaps><true/></interRAT-NeedForGaps>
                    </InterRAT-BandInfo>
                    <InterRAT-BandInfo>
                        <interRAT-NeedForGaps><true/></interRAT-NeedForGaps>
                    </InterRAT-BandInfo>
                    <InterRAT-BandInfo>
                        <interRAT-NeedForGaps><true/></interRAT-NeedForGaps>
                    </InterRAT-BandInfo>
                    <InterRAT-BandInfo>
                        <interRAT-NeedForGaps><true/></interRAT-NeedForGaps>
                    </InterRAT-BandInfo>
                    <InterRAT-BandInfo>
                        <interRAT-NeedForGaps><true/></interRAT-NeedForGaps>
                    </InterRAT-BandInfo>
                </interRAT-BandList>
            </BandInfoEUTRA>
            <BandInfoEUTRA>
                <interFreqBandList>
                    <InterFreqBandInfo>
                        <interFreqNeedForGaps><true/></interFreqNeedForGaps>
                    </InterFreqBandInfo>
                    <InterFreqBandInfo>
                        <interFreqNeedForGaps><true/></interFreqNeedForGaps>
                    </InterFreqBandInfo>
                    <InterFreqBandInfo>
                        <interFreqNeedForGaps><true/></interFreqNeedForGaps>
                    </InterFreqBandInfo>
                    <InterFreqBandInfo>
                        <interFreqNeedForGaps><true/></interFreqNeedForGaps>
                    </InterFreqBandInfo>
                    <InterFreqBandInfo>
                        <interFreqNeedForGaps><true/></interFreqNeedForGaps>
                    </InterFreqBandInfo>
                    <InterFreqBandInfo>
                        <interFreqNeedForGaps><true/></interFreqNeedForGaps>
                    </InterFreqBandInfo>
                    <InterFreqBandInfo>
                        <interFreqNeedForGaps><true/></interFreqNeedForGaps>
                    </InterFreqBandInfo>
                    <InterFreqBandInfo>
                        <interFreqNeedForGaps><true/></interFreqNeedForGaps>
                    </InterFreqBandInfo>
                </interFreqBandList>
                <interRAT-BandList>
                    <InterRAT-BandInfo>
                        <interRAT-NeedForGaps><true/></interRAT-NeedForGaps>
                    </InterRAT-BandInfo>
                    <InterRAT-BandInfo>
                        <interRAT-NeedForGaps><true/></interRAT-NeedForGaps>
                    </InterRAT-BandInfo>
                    <InterRAT-BandInfo>
                        <interRAT-NeedForGaps><true/></interRAT-NeedForGaps>
                    </InterRAT-BandInfo>
                    <InterRAT-BandInfo>
                        <interRAT-NeedForGaps><true/></interRAT-NeedForGaps>
                    </InterRAT-BandInfo>
                    <InterRAT-BandInfo>
                        <interRAT-NeedForGaps><true/></interRAT-NeedForGaps>
                    </InterRAT-BandInfo>
                    <InterRAT-BandInfo>
                        <interRAT-NeedForGaps><true/></interRAT-NeedForGaps>
                    </InterRAT-BandInfo>
                    <InterRAT-BandInfo>
                        <interRAT-NeedForGaps><true/></interRAT-NeedForGaps>
                    </InterRAT-BandInfo>
                    <InterRAT-BandInfo>
                        <interRAT-NeedForGaps><true/></interRAT-NeedForGaps>
                    </InterRAT-BandInfo>
                    <InterRAT-BandInfo>
                        <interRAT-NeedForGaps><true/></interRAT-NeedForGaps>
                    </InterRAT-BandInfo>
                    <InterRAT-BandInfo>
                        <interRAT-NeedForGaps><true/></interRAT-NeedForGaps>
                    </InterRAT-BandInfo>
                </interRAT-BandList>
            </BandInfoEUTRA>
            <BandInfoEUTRA>
                <interFreqBandList>
                    <InterFreqBandInfo>
                        <interFreqNeedForGaps><true/></interFreqNeedForGaps>
                    </InterFreqBandInfo>
                    <InterFreqBandInfo>
                        <interFreqNeedForGaps><true/></interFreqNeedForGaps>
                    </InterFreqBandInfo>
                    <InterFreqBandInfo>
                        <interFreqNeedForGaps><true/></interFreqNeedForGaps>
                    </InterFreqBandInfo>
                    <InterFreqBandInfo>
                        <interFreqNeedForGaps><true/></interFreqNeedForGaps>
                    </InterFreqBandInfo>
                    <InterFreqBandInfo>
                        <interFreqNeedForGaps><true/></interFreqNeedForGaps>
                    </InterFreqBandInfo>
                    <InterFreqBandInfo>
                        <interFreqNeedForGaps><true/></interFreqNeedForGaps>
                    </InterFreqBandInfo>
                    <InterFreqBandInfo>
                        <interFreqNeedForGaps><true/></interFreqNeedForGaps>
                    </InterFreqBandInfo>
                    <InterFreqBandInfo>
                        <interFreqNeedForGaps><true/></interFreqNeedForGaps>
                    </InterFreqBandInfo>
                </interFreqBandList>
                <interRAT-BandList>
                    <InterRAT-BandInfo>
                        <interRAT-NeedForGaps><true/></interRAT-NeedForGaps>
                    </InterRAT-BandInfo>
                    <InterRAT-BandInfo>
                        <interRAT-NeedForGaps><true/></interRAT-NeedForGaps>
                    </InterRAT-BandInfo>
                    <InterRAT-BandInfo>
                        <interRAT-NeedForGaps><true/></interRAT-NeedForGaps>
                    </InterRAT-BandInfo>
                    <InterRAT-BandInfo>
                        <interRAT-NeedForGaps><true/></interRAT-NeedForGaps>
                    </InterRAT-BandInfo>
                    <InterRAT-BandInfo>
                        <interRAT-NeedForGaps><true/></interRAT-NeedForGaps>
                    </InterRAT-BandInfo>
                    <InterRAT-BandInfo>
                        <interRAT-NeedForGaps><true/></interRAT-NeedForGaps>
                    </InterRAT-BandInfo>
                    <InterRAT-BandInfo>
                        <interRAT-NeedForGaps><true/></interRAT-NeedForGaps>
                    </InterRAT-BandInfo>
                    <InterRAT-BandInfo>
                        <interRAT-NeedForGaps><true/></interRAT-NeedForGaps>
                    </InterRAT-BandInfo>
                    <InterRAT-BandInfo>
                        <interRAT-NeedForGaps><true/></interRAT-NeedForGaps>
                    </InterRAT-BandInfo>
                    <InterRAT-BandInfo>
                        <interRAT-NeedForGaps><true/></interRAT-NeedForGaps>
                    </InterRAT-BandInfo>
                </interRAT-BandList>
            </BandInfoEUTRA>
            <BandInfoEUTRA>
                <interFreqBandList>
                    <InterFreqBandInfo>
                        <interFreqNeedForGaps><true/></interFreqNeedForGaps>
                    </InterFreqBandInfo>
                    <InterFreqBandInfo>
                        <interFreqNeedForGaps><true/></interFreqNeedForGaps>
                    </InterFreqBandInfo>
                    <InterFreqBandInfo>
                        <interFreqNeedForGaps><true/></interFreqNeedForGaps>
                    </InterFreqBandInfo>
                    <InterFreqBandInfo>
                        <interFreqNeedForGaps><true/></interFreqNeedForGaps>
                    </InterFreqBandInfo>
                    <InterFreqBandInfo>
                        <interFreqNeedForGaps><true/></interFreqNeedForGaps>
                    </InterFreqBandInfo>
                    <InterFreqBandInfo>
                        <interFreqNeedForGaps><true/></interFreqNeedForGaps>
                    </InterFreqBandInfo>
                    <InterFreqBandInfo>
                        <interFreqNeedForGaps><true/></interFreqNeedForGaps>
                    </InterFreqBandInfo>
                    <InterFreqBandInfo>
                        <interFreqNeedForGaps><true/></interFreqNeedForGaps>
                    </InterFreqBandInfo>
                </interFreqBandList>
                <interRAT-BandList>
                    <InterRAT-BandInfo>
                        <interRAT-NeedForGaps><true/></interRAT-NeedForGaps>
                    </InterRAT-BandInfo>
                    <InterRAT-BandInfo>
                        <interRAT-NeedForGaps><true/></interRAT-NeedForGaps>
                    </InterRAT-BandInfo>
                    <InterRAT-BandInfo>
                        <interRAT-NeedForGaps><true/></interRAT-NeedForGaps>
                    </InterRAT-BandInfo>
                    <InterRAT-BandInfo>
                        <interRAT-NeedForGaps><true/></interRAT-NeedForGaps>
                    </InterRAT-BandInfo>
                    <InterRAT-BandInfo>
                        <interRAT-NeedForGaps><true/></interRAT-NeedForGaps>
                    </InterRAT-BandInfo>
                    <InterRAT-BandInfo>
                        <interRAT-NeedForGaps><true/></interRAT-NeedForGaps>
                    </InterRAT-BandInfo>
                    <InterRAT-BandInfo>
                        <interRAT-NeedForGaps><true/></interRAT-NeedForGaps>
                    </InterRAT-BandInfo>
                    <InterRAT-BandInfo>
                        <interRAT-NeedForGaps><true/></interRAT-NeedForGaps>
                    </InterRAT-BandInfo>
                    <InterRAT-BandInfo>
                        <interRAT-NeedForGaps><true/></interRAT-NeedForGaps>
                    </InterRAT-BandInfo>
                    <InterRAT-BandInfo>
                        <interRAT-NeedForGaps><true/></interRAT-NeedForGaps>
                    </InterRAT-BandInfo>
                </interRAT-BandList>
            </BandInfoEUTRA>
            <BandInfoEUTRA>
                <interFreqBandList>
                    <InterFreqBandInfo>
                        <interFreqNeedForGaps><true/></interFreqNeedForGaps>
                    </InterFreqBandInfo>
                    <InterFreqBandInfo>
                        <interFreqNeedForGaps><true/></interFreqNeedForGaps>
                    </InterFreqBandInfo>
                    <InterFreqBandInfo>
                        <interFreqNeedForGaps><true/></interFreqNeedForGaps>
                    </InterFreqBandInfo>
                    <InterFreqBandInfo>
                        <interFreqNeedForGaps><true/></interFreqNeedForGaps>
                    </InterFreqBandInfo>
                    <InterFreqBandInfo>
                        <interFreqNeedForGaps><true/></interFreqNeedForGaps>
                    </InterFreqBandInfo>
                    <InterFreqBandInfo>
                        <interFreqNeedForGaps><true/></interFreqNeedForGaps>
                    </InterFreqBandInfo>
                    <InterFreqBandInfo>
                        <interFreqNeedForGaps><true/></interFreqNeedForGaps>
                    </InterFreqBandInfo>
                    <InterFreqBandInfo>
                        <interFreqNeedForGaps><true/></interFreqNeedForGaps>
                    </InterFreqBandInfo>
                </interFreqBandList>
                <interRAT-BandList>
                    <InterRAT-BandInfo>
                        <interRAT-NeedForGaps><true/></interRAT-NeedForGaps>
                    </InterRAT-BandInfo>
                    <InterRAT-BandInfo>
                        <interRAT-NeedForGaps><true/></interRAT-NeedForGaps>
                    </InterRAT-BandInfo>
                    <InterRAT-BandInfo>
                        <interRAT-NeedForGaps><true/></interRAT-NeedForGaps>
                    </InterRAT-BandInfo>
                    <InterRAT-BandInfo>
                        <interRAT-NeedForGaps><true/></interRAT-NeedForGaps>
                    </InterRAT-BandInfo>
                    <InterRAT-BandInfo>
                        <interRAT-NeedForGaps><true/></interRAT-NeedForGaps>
                    </InterRAT-BandInfo>
                    <InterRAT-BandInfo>
                        <interRAT-NeedForGaps><true/></interRAT-NeedForGaps>
                    </InterRAT-BandInfo>
                    <InterRAT-BandInfo>
                        <interRAT-NeedForGaps><true/></interRAT-NeedForGaps>
                    </InterRAT-BandInfo>
                    <InterRAT-BandInfo>
                        <interRAT-NeedForGaps><true/></interRAT-NeedForGaps>
                    </InterRAT-BandInfo>
                    <InterRAT-BandInfo>
                        <interRAT-NeedForGaps><true/></interRAT-NeedForGaps>
                    </InterRAT-BandInfo>
                    <InterRAT-BandInfo>
                        <interRAT-NeedForGaps><true/></interRAT-NeedForGaps>
                    </InterRAT-BandInfo>
                </interRAT-BandList>
            </BandInfoEUTRA>
            <BandInfoEUTRA>
                <interFreqBandList>
                    <InterFreqBandInfo>
                        <interFreqNeedForGaps><true/></interFreqNeedForGaps>
                    </InterFreqBandInfo>
                    <InterFreqBandInfo>
                        <interFreqNeedForGaps><true/></interFreqNeedForGaps>
                    </InterFreqBandInfo>
                    <InterFreqBandInfo>
                        <interFreqNeedForGaps><true/></interFreqNeedForGaps>
                    </InterFreqBandInfo>
                    <InterFreqBandInfo>
                        <interFreqNeedForGaps><true/></interFreqNeedForGaps>
                    </InterFreqBandInfo>
                    <InterFreqBandInfo>
                        <interFreqNeedForGaps><true/></interFreqNeedForGaps>
                    </InterFreqBandInfo>
                    <InterFreqBandInfo>
                        <interFreqNeedForGaps><true/></interFreqNeedForGaps>
                    </InterFreqBandInfo>
                    <InterFreqBandInfo>
                        <interFreqNeedForGaps><true/></interFreqNeedForGaps>
                    </InterFreqBandInfo>
                    <InterFreqBandInfo>
                        <interFreqNeedForGaps><true/></interFreqNeedForGaps>
                    </InterFreqBandInfo>
                </interFreqBandList>
                <interRAT-BandList>
                    <InterRAT-BandInfo>
                        <interRAT-NeedForGaps><true/></interRAT-NeedForGaps>
                    </InterRAT-BandInfo>
                    <InterRAT-BandInfo>
                        <interRAT-NeedForGaps><true/></interRAT-NeedForGaps>
                    </InterRAT-BandInfo>
                    <InterRAT-BandInfo>
                        <interRAT-NeedForGaps><true/></interRAT-NeedForGaps>
                    </InterRAT-BandInfo>
                    <InterRAT-BandInfo>
                        <interRAT-NeedForGaps><true/></interRAT-NeedForGaps>
                    </InterRAT-BandInfo>
                    <InterRAT-BandInfo>
                        <interRAT-NeedForGaps><true/></interRAT-NeedForGaps>
                    </InterRAT-BandInfo>
                    <InterRAT-BandInfo>
                        <interRAT-NeedForGaps><true/></interRAT-NeedForGaps>
                    </InterRAT-BandInfo>
                    <InterRAT-BandInfo>
                        <interRAT-NeedForGaps><true/></interRAT-NeedForGaps>
                    </InterRAT-BandInfo>
                    <InterRAT-BandInfo>
                        <interRAT-NeedForGaps><true/></interRAT-NeedForGaps>
                    </InterRAT-BandInfo>
                    <InterRAT-BandInfo>
                        <interRAT-NeedForGaps><true/></interRAT-NeedForGaps>
                    </InterRAT-BandInfo>
                    <InterRAT-BandInfo>
                        <interRAT-NeedForGaps><true/></interRAT-NeedForGaps>
                    </InterRAT-BandInfo>
                </interRAT-BandList>
            </BandInfoEUTRA>
            <BandInfoEUTRA>
                <interFreqBandList>
                    <InterFreqBandInfo>
                        <interFreqNeedForGaps><true/></interFreqNeedForGaps>
                    </InterFreqBandInfo>
                    <InterFreqBandInfo>
                        <interFreqNeedForGaps><true/></interFreqNeedForGaps>
                    </InterFreqBandInfo>
                    <InterFreqBandInfo>
                        <interFreqNeedForGaps><true/></interFreqNeedForGaps>
                    </InterFreqBandInfo>
                    <InterFreqBandInfo>
                        <interFreqNeedForGaps><true/></interFreqNeedForGaps>
                    </InterFreqBandInfo>
                    <InterFreqBandInfo>
                        <interFreqNeedForGaps><true/></interFreqNeedForGaps>
                    </InterFreqBandInfo>
                    <InterFreqBandInfo>
                        <interFreqNeedForGaps><true/></interFreqNeedForGaps>
                    </InterFreqBandInfo>
                    <InterFreqBandInfo>
                        <interFreqNeedForGaps><true/></interFreqNeedForGaps>
                    </InterFreqBandInfo>
                    <InterFreqBandInfo>
                        <interFreqNeedForGaps><true/></interFreqNeedForGaps>
                    </InterFreqBandInfo>
                </interFreqBandList>
                <interRAT-BandList>
                    <InterRAT-BandInfo>
                        <interRAT-NeedForGaps><true/></interRAT-NeedForGaps>
                    </InterRAT-BandInfo>
                    <InterRAT-BandInfo>
                        <interRAT-NeedForGaps><true/></interRAT-NeedForGaps>
                    </InterRAT-BandInfo>
                    <InterRAT-BandInfo>
                        <interRAT-NeedForGaps><true/></interRAT-NeedForGaps>
                    </InterRAT-BandInfo>
                    <InterRAT-BandInfo>
                        <interRAT-NeedForGaps><true/></interRAT-NeedForGaps>
                    </InterRAT-BandInfo>
                    <InterRAT-BandInfo>
                        <interRAT-NeedForGaps><true/></interRAT-NeedForGaps>
                    </InterRAT-BandInfo>
                    <InterRAT-BandInfo>
                        <interRAT-NeedForGaps><true/></interRAT-NeedForGaps>
                    </InterRAT-BandInfo>
                    <InterRAT-BandInfo>
                        <interRAT-NeedForGaps><true/></interRAT-NeedForGaps>
                    </InterRAT-BandInfo>
                    <InterRAT-BandInfo>
                        <interRAT-NeedForGaps><true/></interRAT-NeedForGaps>
                    </InterRAT-BandInfo>
                    <InterRAT-BandInfo>
                        <interRAT-NeedForGaps><true/></interRAT-NeedForGaps>
                    </InterRAT-BandInfo>
                    <InterRAT-BandInfo>
                        <interRAT-NeedForGaps><true/></interRAT-NeedForGaps>
                    </InterRAT-BandInfo>
                </interRAT-BandList>
            </BandInfoEUTRA>
        </bandListEUTRA>
    </measParameters>
    <featureGroupIndicators>
        01111111010011110001111010000100
    </featureGroupIndicators>
    <interRAT-Parameters>
        <utraFDD>
            <supportedBandListUTRA-FDD><bandI/><bandV/><bandVI/><bandVIII/><bandXIX-8a0/>
            </supportedBandListUTRA-FDD>
        </utraFDD>
        <geran>
            <supportedBandListGERAN><gsm850/><gsm900P/><gsm900E/><gsm1800/><gsm1900/>
            </supportedBandListGERAN>
            <interRAT-PS-HO-ToGERAN><false/></interRAT-PS-HO-ToGERAN>
        </geran>
    </interRAT-Parameters>
    <nonCriticalExtension>
        <phyLayerParameters-v920>
            <enhancedDualLayerFDD-r9><supported/></enhancedDualLayerFDD-r9>
            <enhancedDualLayerTDD-r9><supported/></enhancedDualLayerTDD-r9>
        </phyLayerParameters-v920>
        <interRAT-ParametersGERAN-v920>
            <e-RedirectionGERAN-r9><supported/></e-RedirectionGERAN-r9>
        </interRAT-ParametersGERAN-v920>
        <interRAT-ParametersUTRA-v920>
            <e-RedirectionUTRA-r9><supported/></e-RedirectionUTRA-r9>
        </interRAT-ParametersUTRA-v920>
        <csg-ProximityIndicationParameters-r9>
            <intraFreqProximityIndication-r9><supported/></intraFreqProximityIndication-r9>
            <interFreqProximityIndication-r9><supported/></interFreqProximityIndication-r9>
            <utran-ProximityIndication-r9><supported/></utran-ProximityIndication-r9>
        </csg-ProximityIndicationParameters-r9>
        <neighCellSI-AcquisitionParameters-r9>
            <intraFreqSI-AcquisitionForHO-r9><supported/></intraFreqSI-AcquisitionForHO-r9>
            <interFreqSI-AcquisitionForHO-r9><supported/></interFreqSI-AcquisitionForHO-r9>
            <utran-SI-AcquisitionForHO-r9><supported/></utran-SI-AcquisitionForHO-r9>
        </neighCellSI-AcquisitionParameters-r9>
        <son-Parameters-r9>
            <rach-Report-r9><supported/></rach-Report-r9>
        </son-Parameters-r9>
    </nonCriticalExtension>
</UE-EUTRA-Capability>
[SCTP][I][sctp_send_data] Successfully sent 89 bytes on stream 1 for assoc_id 39
[RRC][I]RRCConnectionReconfiguration Encoded 1031 bits (129 bytes)
[RRC][I][eNB 0] Frame 0, Logical Channel DL-DCCH, Generate RRCConnectionReconfiguration (bytes 129, UE id 515d)
[PDCP][I][FRAME 00000][eNB][MOD 00][RNTI 515d]Received RRC_DCCH_DATA_REQ from TASK_RRC_ENB: instance 0, rb_id 1, muiP 2, confirmP 0, mode 1
[RLC][I][FRAME 00000][eNB][MOD 00][RNTI 515d][SRB AM 01] RLC_AM_DATA_REQ size 134 Bytes,  NB SDU 1 current_sdu_index=5 next_sdu_index=6 conf 0 mui 2
[34m[RRC][N][eNB 0] Frame 313: received a DCCH 1 message on SRB 1 with Size 2 from UE 515d
[0m[RRC][I][FRAME 00000][eNB][MOD 00][RNTI 515d] Received on DCCH 1 RRC_DCCH_DATA_IND
[RRC][I][FRAME 00000][eNB][MOD 00][RNTI 515d] UE State = RRC_RECONFIGURED (default DRB, xid 1)
[34m[PDCP][N][FRAME 00000][eNB][MOD 00][RNTI 515d][SRB 02]  Action ADD  LCID 2 (SRB id 2) configured with SN size 5 bits and RLC AM
[0m[34m[PDCP][N][FRAME 00000][eNB][MOD 00][RNTI 515d][DRB 01]  Action ADD  LCID 3 (DRB id 1) configured with SN size 12 bits and RLC UM
[0m[RLC][I][FRAME 00000][eNB][MOD 00][RNTI 515d] [SRB 2] rrc_rlc_add_rlc  SRB
[RLC][I][FRAME 00000][eNB][MOD 00][RNTI 515d][SRB AM 02][CONFIGURE] max_retx_threshold 32 poll_pdu 8 poll_byte 1000 t_poll_retransmit 15 t_reordering 35 t_status_prohibit 10
[RLC][I]Adding DRB 1, lc_id 3
[RLC][I][FRAME 00000][eNB][MOD 00][RNTI 515d] [DRB 1] rrc_rlc_add_rlc  DRB
[RRC][I][eNB 0] Frame  0 CC 0 : SRB2 is now active
[RRC][I][eNB 0] Frame  0 : Logical Channel UL-DCCH, Received RRCConnectionReconfigurationComplete from UE rnti 515d, reconfiguring DRB 1/LCID 3
[RRC][I][eNB 0] Frame  0 : Logical Channel UL-DCCH, Received RRCConnectionReconfigurationComplete from UE 0, reconfiguring DRB 1/LCID 3
[MAC][I][rrc_mac_config_req] [CONFIG][eNB 0/0] Configuring MAC/PHY for UE 0 (515d)
[PHY][I]phy_config_dedicated_eNB: physicalConfigDedicated=0x7fd5500017c0
[PHY][I]Transmission Mode (phy_config_dedicated_eNB) 1
[S1AP][I][s1ap_eNB_initial_ctxt_resp] initial_ctxt_resp_p: e_rab ID 5, enb_addr 192.168.12.16, SIZE 4 
[SCTP][I][sctp_send_data] Successfully sent 40 bytes on stream 1 for assoc_id 39
[PHY][I][eNB 0] Frame 1342183360: Sent physicalConfigDedicated=0x200000000 for UE 0
[34m[RRC][N][eNB 0] Frame 315: received a DCCH 2 message on SRB 2 with Size 16 from UE 515d
[0m[RRC][I][FRAME 00000][eNB][MOD 00][RNTI 515d] Received on DCCH 2 RRC_DCCH_DATA_IND
[SCTP][I][sctp_send_data] Successfully sent 61 bytes on stream 1 for assoc_id 39
[SCTP][I][sctp_eNB_flush_sockets] Found data for descriptor 38
[SCTP][I][sctp_eNB_read_from_socket] Received notification for sd 38, type 32777
[PHY][I]UE 0 : rnti 515d
[MAC][I][eNB_dlsch_ulsch_scheduler] UE  rnti 515d : in synch
[RRC][I]UE rnti 515d failure timer 0/20000
[PHY][I]UE 0 : rnti 515d
[PHY][I]UE 1 : rnti 9b28
[MAC][I][eNB_dlsch_ulsch_scheduler] UE  rnti 515d : in synch
[RRC][I]UE rnti 515d failure timer 0/20000
[PHY][I]UE 0 : rnti 515d
[PHY][I]UE 2 : rnti b94f
[MAC][I][eNB_dlsch_ulsch_scheduler] UE  rnti 515d : in synch
[RRC][I]UE rnti 515d failure timer 0/20000
